// Jest Snapshot v1, https://goo.gl/fbAQLP

exports[`SimpleInputField when \`editable\` is false renders correctly when \`showFieldDescription\` is false 1`] = `"testando..."`;

exports[`SimpleInputField when \`editable\` is false renders correctly when \`showFieldDescription\` is true 1`] = `
<FormField>
  <b>
    Testando:
    :
  </b>
   
  testando...
</FormField>
`;

exports[`SimpleInputField when \`editable\` is true renders correctly 1`] = `
<FormField
  error={false}
>
  <FormInput
    as={[Function]}
    control={[Function]}
    fluid={true}
    label="Testando:"
    name="1"
    onChange={[Function]}
    placeholder="Testando:"
    type="text"
    value="testando..."
  />
</FormField>
`;
