// Jest Snapshot v1, https://goo.gl/fbAQLP

exports[`ConnectedForgotPasswordPage renders correctly 1`] = `
<ForgotPasswordPage
  resetPasswordRequest={[Function]}
  store={
    Object {
      "clearActions": [Function],
      "dispatch": [Function],
      "getActions": [Function],
      "getState": [Function],
      "replaceReducer": [Function],
      "subscribe": [Function],
    }
  }
/>
`;

exports[`UnconnectedForgotPasswordPage renders correctly 1`] = `
<CenterElemsContainer>
  <div>
    <Header
      as="h2"
      color="teal"
      textAlign="center"
    >
      Reset your password
    </Header>
    <ForgotPasswordForm
      submit={[Function]}
    />
    <Message>
      Did you remember your password? 
      <a
        href="/login"
      >
        Log in
      </a>
       now!
      <br />
      Dont have an account? 
      <a
        href="/signup"
      >
        Sign Up
      </a>
       now!
    </Message>
  </div>
</CenterElemsContainer>
`;
