// Jest Snapshot v1, https://goo.gl/fbAQLP

exports[`ConnectedResetPasswordPage renders correctly 1`] = `
<ResetPasswordPage
  history={
    Object {
      "push": [Function],
    }
  }
  match={
    Object {
      "params": Object {
        "token": "some token",
      },
    }
  }
  resetPassword={[Function]}
  store={
    Object {
      "clearActions": [Function],
      "dispatch": [Function],
      "getActions": [Function],
      "getState": [Function],
      "replaceReducer": [Function],
      "subscribe": [Function],
    }
  }
  validateToken={[Function]}
/>
`;

exports[`UnconnectedResetPasswordPage renders correctly 1`] = `
<CenterElemsContainer>
  <Message>
    Loading
  </Message>
</CenterElemsContainer>
`;
