// Jest Snapshot v1, https://goo.gl/fbAQLP

exports[`ConnectedSearchPage renders correctly 1`] = `
<SearchPage
  history={
    Object {
      "push": [Function],
    }
  }
  location={
    Object {
      "search": "some search",
    }
  }
  results={Array []}
  searchRequest={[Function]}
  store={
    Object {
      "clearActions": [Function],
      "dispatch": [Function],
      "getActions": [Function],
      "getState": [Function],
      "replaceReducer": [Function],
      "subscribe": [Function],
    }
  }
  storeSubscription={
    Subscription {
      "listeners": Object {
        "clear": [Function],
        "get": [Function],
        "notify": [Function],
        "subscribe": [Function],
      },
      "onStateChange": [Function],
      "parentSub": undefined,
      "store": Object {
        "clearActions": [Function],
        "dispatch": [Function],
        "getActions": [Function],
        "getState": [Function],
        "replaceReducer": [Function],
        "subscribe": [Function],
      },
      "unsubscribe": [Function],
    }
  }
/>
`;

exports[`UnconnectedSearchPage renders correctly 1`] = `
<Segment
  basic={true}
  loading={true}
  style={
    Object {
      "margin": "10px auto",
      "maxWidth": "90%",
    }
  }
>
  <SearchResultTable
    onTableRowClick={[Function]}
    results={Array []}
  />
</Segment>
`;
