// Jest Snapshot v1, https://goo.gl/fbAQLP

exports[`EditDeleteBtnGroup renders correctly 1`] = `
<ButtonGroup
  icon={true}
  size="medium"
>
  <Popup
    content="Edit"
    on="hover"
    position="top left"
    trigger={
      <Button
        as="button"
        color="blue"
        icon="edit"
        onClick={[Function]}
      />
    }
  />
  <Popup
    content="Delete"
    on="hover"
    position="top left"
    trigger={
      <Button
        as="button"
        color="red"
        icon="delete"
        onClick={[Function]}
      />
    }
  />
  <Confirm
    cancelButton="Cancel"
    confirmButton="OK"
    content="Are you sure?"
    onCancel={[Function]}
    onConfirm={[Function]}
    open={false}
  />
</ButtonGroup>
`;
