// Jest Snapshot v1, https://goo.gl/fbAQLP

exports[`SortableDataTableHeader renders correctly 1`] = `
<TableHeader
  as="thead"
>
  <TableRow
    as="tr"
    cellAs="td"
  >
    <TableHeaderCell
      as="th"
      key="1"
      onClick={[Function]}
      sorted={null}
    >
      Test
    </TableHeaderCell>
    <TableHeaderCell
      as="th"
      key="2"
      onClick={[Function]}
      sorted={null}
    >
      My Test
    </TableHeaderCell>
  </TableRow>
</TableHeader>
`;
