// Jest Snapshot v1, https://goo.gl/fbAQLP

exports[`SubjectDataTable renders correctly 1`] = `
<Table
  as="table"
  celled={true}
  compact="very"
  selectable={true}
  sortable={true}
>
  <SortableDataTableHeader
    data={Array []}
    renderHeader={[Function]}
    sort={[Function]}
  />
  <DataTableBody
    renderBody={[Function]}
  />
</Table>
`;
