// Jest Snapshot v1, https://goo.gl/fbAQLP

exports[`SubjectDataTableBody renders correctly 1`] = `
<TableBody
  as="tbody"
  style={
    Object {
      "cursor": "pointer",
    }
  }
>
  <TableRow
    as="tr"
    cellAs="td"
  >
    <TableCell
      as="td"
      width={16}
    >
      Nothing was found.
    </TableCell>
  </TableRow>
</TableBody>
`;
