// Jest Snapshot v1, https://goo.gl/fbAQLP

exports[`ForgotPasswordForm renders correctly 1`] = `
<Form
  as="form"
  loading={false}
  onSubmit={[Function]}
>
  <Segment
    stacked={true}
  >
    <FormField
      error={false}
    >
      <FormInput
        as={[Function]}
        control={[Function]}
        fluid={true}
        icon="user"
        iconPosition="left"
        id="forgot-password-email-input"
        name="email"
        onChange={[Function]}
        placeholder="example@example.com"
        type="email"
        value=""
      />
    </FormField>
    <Button
      as="button"
      color="teal"
      fluid={true}
      size="large"
    >
      Send email
    </Button>
  </Segment>
</Form>
`;
