// Jest Snapshot v1, https://goo.gl/fbAQLP

exports[`ResetPasswordForm renders correctly 1`] = `
<Form
  as="form"
  loading={false}
  onSubmit={[Function]}
>
  <Segment
    stacked={true}
  >
    <FormField
      error={false}
    >
      <FormInput
        as={[Function]}
        control={[Function]}
        fluid={true}
        icon="lock"
        iconPosition="left"
        id="reset-password-input"
        name="password"
        onChange={[Function]}
        placeholder="Password"
        type="password"
        value=""
      />
    </FormField>
    <FormField
      error={false}
    >
      <FormInput
        as={[Function]}
        control={[Function]}
        fluid={true}
        icon="lock"
        iconPosition="left"
        name="passwordConfirmation"
        onChange={[Function]}
        placeholder="Confirm your new password"
        type="password"
        value=""
      />
    </FormField>
    <Button
      as="button"
      color="teal"
      fluid={true}
      size="large"
    >
      Reset
    </Button>
  </Segment>
</Form>
`;
