// Jest Snapshot v1, https://goo.gl/fbAQLP

exports[`ResetPasswordForm renders correctly 1`] = `
<Form
  as="form"
  error={false}
  id="reset-pass-form"
  loading={false}
  onSubmit={[Function]}
  size="large"
>
  <Segment
    stacked={true}
  >
    <FormField
      error={false}
    >
      <FormInput
        as={[Function]}
        control={[Function]}
        fluid={true}
        icon="lock"
        iconPosition="left"
        name="password"
        placeholder="Password"
        type="password"
      />
    </FormField>
    <FormField
      error={false}
    >
      <FormInput
        as={[Function]}
        control={[Function]}
        fluid={true}
        icon="lock"
        iconPosition="left"
        name="passwordConfirmation"
        placeholder="Confirm your new password"
        type="password"
      />
    </FormField>
    <Button
      as="button"
      color="teal"
      fluid={true}
      size="large"
    >
      Reset
    </Button>
  </Segment>
</Form>
`;
