// Jest Snapshot v1, https://goo.gl/fbAQLP

exports[`SearchInput renders correctly 1`] = `
<Form
  as="form"
  id="seach-form-1"
  onSubmit={[Function]}
>
  <Input
    error={false}
    icon={
      Object {
        "link": true,
        "name": "search",
        "onClick": [Function],
      }
    }
    name="query"
    placeholder="Search..."
    size="mini"
    type="text"
  />
</Form>
`;
