// Jest Snapshot v1, https://goo.gl/fbAQLP

exports[`SubjectDataForm renders correctly 1`] = `
<Form
  as="form"
  error={false}
  loading={false}
  onSubmit={[Function]}
  size="large"
  style={
    Object {
      "textAlign": "left",
    }
  }
>
  <ActionBtnsContainer
    onAdd={null}
    onDelete={[Function]}
    onEdit={[Function]}
    onMenu={null}
    style={Object {}}
  />
  <Segment
    stacked={true}
  />
</Form>
`;
