// Jest Snapshot v1, https://goo.gl/fbAQLP

exports[`SubjectDataForm renders correctly 1`] = `
<Form
  as="form"
  error={false}
  loading={false}
  onSubmit={[Function]}
  size="large"
  style={
    Object {
      "textAlign": "left",
    }
  }
>
  <EditDeleteBtnGroup
    onDelete={[Function]}
    onEdit={[Function]}
    showDelete={true}
    showEdit={true}
  />
  <Segment
    stacked={true}
  />
</Form>
`;
